../Drivers/STM32WLxx_HAL_Driver/Inc/stm32wlxx_ll_rcc.h:2169:26:LL_RCC_GetUSARTClockSource	16	static
../Drivers/STM32WLxx_HAL_Driver/Inc/stm32wlxx_ll_rcc.h:2200:26:LL_RCC_GetLPUARTClockSource	16	static
../Drivers/STM32WLxx_HAL_Driver/Src/stm32wlxx_hal_uart.c:307:19:HAL_UART_Init	16	static
../Drivers/STM32WLxx_HAL_Driver/Src/stm32wlxx_hal_uart.c:382:19:HAL_HalfDuplex_Init	16	static
../Drivers/STM32WLxx_HAL_Driver/Src/stm32wlxx_hal_uart.c:457:19:HAL_LIN_Init	16	static
../Drivers/STM32WLxx_HAL_Driver/Src/stm32wlxx_hal_uart.c:556:19:HAL_MultiProcessor_Init	24	static
../Drivers/STM32WLxx_HAL_Driver/Src/stm32wlxx_hal_uart.c:632:19:HAL_UART_DeInit	16	static
../Drivers/STM32WLxx_HAL_Driver/Src/stm32wlxx_hal_uart.c:679:13:HAL_UART_MspInit	16	static
../Drivers/STM32WLxx_HAL_Driver/Src/stm32wlxx_hal_uart.c:694:13:HAL_UART_MspDeInit	16	static
../Drivers/STM32WLxx_HAL_Driver/Src/stm32wlxx_hal_uart.c:1123:19:HAL_UART_Transmit	48	static
../Drivers/STM32WLxx_HAL_Driver/Src/stm32wlxx_hal_uart.c:1227:19:HAL_UART_Receive	48	static
../Drivers/STM32WLxx_HAL_Driver/Src/stm32wlxx_hal_uart.c:1328:19:HAL_UART_Transmit_IT	72	static,ignoring_inline_asm
../Drivers/STM32WLxx_HAL_Driver/Src/stm32wlxx_hal_uart.c:1415:19:HAL_UART_Receive_IT	48	static,ignoring_inline_asm
../Drivers/STM32WLxx_HAL_Driver/Src/stm32wlxx_hal_uart.c:1475:19:HAL_UART_Transmit_DMA	48	static,ignoring_inline_asm
../Drivers/STM32WLxx_HAL_Driver/Src/stm32wlxx_hal_uart.c:1564:19:HAL_UART_Receive_DMA	48	static,ignoring_inline_asm
../Drivers/STM32WLxx_HAL_Driver/Src/stm32wlxx_hal_uart.c:1613:19:HAL_UART_DMAPause	120	static,ignoring_inline_asm
../Drivers/STM32WLxx_HAL_Driver/Src/stm32wlxx_hal_uart.c:1643:19:HAL_UART_DMAResume	112	static,ignoring_inline_asm
../Drivers/STM32WLxx_HAL_Driver/Src/stm32wlxx_hal_uart.c:1674:19:HAL_UART_DMAStop	72	static,ignoring_inline_asm
../Drivers/STM32WLxx_HAL_Driver/Src/stm32wlxx_hal_uart.c:1749:19:HAL_UART_Abort	136	static,ignoring_inline_asm
../Drivers/STM32WLxx_HAL_Driver/Src/stm32wlxx_hal_uart.c:1852:19:HAL_UART_AbortTransmit	88	static,ignoring_inline_asm
../Drivers/STM32WLxx_HAL_Driver/Src/stm32wlxx_hal_uart.c:1911:19:HAL_UART_AbortReceive	112	static,ignoring_inline_asm
../Drivers/STM32WLxx_HAL_Driver/Src/stm32wlxx_hal_uart.c:1979:19:HAL_UART_Abort_IT	144	static,ignoring_inline_asm
../Drivers/STM32WLxx_HAL_Driver/Src/stm32wlxx_hal_uart.c:2132:19:HAL_UART_AbortTransmit_IT	88	static,ignoring_inline_asm
../Drivers/STM32WLxx_HAL_Driver/Src/stm32wlxx_hal_uart.c:2223:19:HAL_UART_AbortReceive_IT	112	static,ignoring_inline_asm
../Drivers/STM32WLxx_HAL_Driver/Src/stm32wlxx_hal_uart.c:2316:6:HAL_UART_IRQHandler	240	static,ignoring_inline_asm
../Drivers/STM32WLxx_HAL_Driver/Src/stm32wlxx_hal_uart.c:2646:13:HAL_UART_TxCpltCallback	16	static
../Drivers/STM32WLxx_HAL_Driver/Src/stm32wlxx_hal_uart.c:2661:13:HAL_UART_TxHalfCpltCallback	16	static
../Drivers/STM32WLxx_HAL_Driver/Src/stm32wlxx_hal_uart.c:2676:13:HAL_UART_RxCpltCallback	16	static
../Drivers/STM32WLxx_HAL_Driver/Src/stm32wlxx_hal_uart.c:2691:13:HAL_UART_RxHalfCpltCallback	16	static
../Drivers/STM32WLxx_HAL_Driver/Src/stm32wlxx_hal_uart.c:2706:13:HAL_UART_ErrorCallback	16	static
../Drivers/STM32WLxx_HAL_Driver/Src/stm32wlxx_hal_uart.c:2721:13:HAL_UART_AbortCpltCallback	16	static
../Drivers/STM32WLxx_HAL_Driver/Src/stm32wlxx_hal_uart.c:2736:13:HAL_UART_AbortTransmitCpltCallback	16	static
../Drivers/STM32WLxx_HAL_Driver/Src/stm32wlxx_hal_uart.c:2751:13:HAL_UART_AbortReceiveCpltCallback	16	static
../Drivers/STM32WLxx_HAL_Driver/Src/stm32wlxx_hal_uart.c:2768:13:HAL_UARTEx_RxEventCallback	16	static
../Drivers/STM32WLxx_HAL_Driver/Src/stm32wlxx_hal_uart.c:2816:6:HAL_UART_ReceiverTimeout_Config	16	static
../Drivers/STM32WLxx_HAL_Driver/Src/stm32wlxx_hal_uart.c:2831:19:HAL_UART_EnableReceiverTimeout	16	static
../Drivers/STM32WLxx_HAL_Driver/Src/stm32wlxx_hal_uart.c:2869:19:HAL_UART_DisableReceiverTimeout	16	static
../Drivers/STM32WLxx_HAL_Driver/Src/stm32wlxx_hal_uart.c:2907:19:HAL_MultiProcessor_EnableMuteMode	40	static,ignoring_inline_asm
../Drivers/STM32WLxx_HAL_Driver/Src/stm32wlxx_hal_uart.c:2927:19:HAL_MultiProcessor_DisableMuteMode	40	static,ignoring_inline_asm
../Drivers/STM32WLxx_HAL_Driver/Src/stm32wlxx_hal_uart.c:2947:6:HAL_MultiProcessor_EnterMuteMode	16	static
../Drivers/STM32WLxx_HAL_Driver/Src/stm32wlxx_hal_uart.c:2957:19:HAL_HalfDuplex_EnableTransmitter	64	static,ignoring_inline_asm
../Drivers/STM32WLxx_HAL_Driver/Src/stm32wlxx_hal_uart.c:2980:19:HAL_HalfDuplex_EnableReceiver	64	static,ignoring_inline_asm
../Drivers/STM32WLxx_HAL_Driver/Src/stm32wlxx_hal_uart.c:3004:19:HAL_LIN_SendBreak	16	static
../Drivers/STM32WLxx_HAL_Driver/Src/stm32wlxx_hal_uart.c:3049:23:HAL_UART_GetState	24	static
../Drivers/STM32WLxx_HAL_Driver/Src/stm32wlxx_hal_uart.c:3065:10:HAL_UART_GetError	16	static
../Drivers/STM32WLxx_HAL_Driver/Src/stm32wlxx_hal_uart.c:3111:19:UART_SetConfig	80	static
../Drivers/STM32WLxx_HAL_Driver/Src/stm32wlxx_hal_uart.c:3328:6:UART_AdvFeatureConfig	16	static
../Drivers/STM32WLxx_HAL_Driver/Src/stm32wlxx_hal_uart.c:3402:19:UART_CheckIdleState	32	static
../Drivers/STM32WLxx_HAL_Driver/Src/stm32wlxx_hal_uart.c:3455:19:UART_WaitOnFlagUntilTimeout	120	static,ignoring_inline_asm
../Drivers/STM32WLxx_HAL_Driver/Src/stm32wlxx_hal_uart.c:3519:19:UART_Start_Receive_IT	144	static,ignoring_inline_asm
../Drivers/STM32WLxx_HAL_Driver/Src/stm32wlxx_hal_uart.c:3591:19:UART_Start_Receive_DMA	96	static,ignoring_inline_asm
../Drivers/STM32WLxx_HAL_Driver/Src/stm32wlxx_hal_uart.c:3648:13:UART_EndTxTransfer	64	static,ignoring_inline_asm
../Drivers/STM32WLxx_HAL_Driver/Src/stm32wlxx_hal_uart.c:3664:13:UART_EndRxTransfer	88	static,ignoring_inline_asm
../Drivers/STM32WLxx_HAL_Driver/Src/stm32wlxx_hal_uart.c:3690:13:UART_DMATransmitCplt	72	static,ignoring_inline_asm
../Drivers/STM32WLxx_HAL_Driver/Src/stm32wlxx_hal_uart.c:3724:13:UART_DMATxHalfCplt	24	static
../Drivers/STM32WLxx_HAL_Driver/Src/stm32wlxx_hal_uart.c:3742:13:UART_DMAReceiveCplt	120	static,ignoring_inline_asm
../Drivers/STM32WLxx_HAL_Driver/Src/stm32wlxx_hal_uart.c:3803:13:UART_DMARxHalfCplt	24	static
../Drivers/STM32WLxx_HAL_Driver/Src/stm32wlxx_hal_uart.c:3841:13:UART_DMAError	32	static
../Drivers/STM32WLxx_HAL_Driver/Src/stm32wlxx_hal_uart.c:3881:13:UART_DMAAbortOnError	24	static
../Drivers/STM32WLxx_HAL_Driver/Src/stm32wlxx_hal_uart.c:3904:13:UART_DMATxAbortCallback	24	static
../Drivers/STM32WLxx_HAL_Driver/Src/stm32wlxx_hal_uart.c:3959:13:UART_DMARxAbortCallback	24	static
../Drivers/STM32WLxx_HAL_Driver/Src/stm32wlxx_hal_uart.c:4011:13:UART_DMATxOnlyAbortCallback	24	static
../Drivers/STM32WLxx_HAL_Driver/Src/stm32wlxx_hal_uart.c:4044:13:UART_DMARxOnlyAbortCallback	24	static
../Drivers/STM32WLxx_HAL_Driver/Src/stm32wlxx_hal_uart.c:4077:13:UART_TxISR_8BIT	64	static,ignoring_inline_asm
../Drivers/STM32WLxx_HAL_Driver/Src/stm32wlxx_hal_uart.c:4106:13:UART_TxISR_16BIT	72	static,ignoring_inline_asm
../Drivers/STM32WLxx_HAL_Driver/Src/stm32wlxx_hal_uart.c:4138:13:UART_TxISR_8BIT_FIFOEN	72	static,ignoring_inline_asm
../Drivers/STM32WLxx_HAL_Driver/Src/stm32wlxx_hal_uart.c:4178:13:UART_TxISR_16BIT_FIFOEN	72	static,ignoring_inline_asm
../Drivers/STM32WLxx_HAL_Driver/Src/stm32wlxx_hal_uart.c:4219:13:UART_EndTransmit_IT	40	static,ignoring_inline_asm
../Drivers/STM32WLxx_HAL_Driver/Src/stm32wlxx_hal_uart.c:4244:13:UART_RxISR_8BIT	120	static,ignoring_inline_asm
../Drivers/STM32WLxx_HAL_Driver/Src/stm32wlxx_hal_uart.c:4335:13:UART_RxISR_16BIT	120	static,ignoring_inline_asm
../Drivers/STM32WLxx_HAL_Driver/Src/stm32wlxx_hal_uart.c:4428:13:UART_RxISR_8BIT_FIFOEN	184	static,ignoring_inline_asm
../Drivers/STM32WLxx_HAL_Driver/Src/stm32wlxx_hal_uart.c:4590:13:UART_RxISR_16BIT_FIFOEN	192	static,ignoring_inline_asm
