../Drivers/STM32WLxx_HAL_Driver/Inc/stm32wlxx_ll_bus.h:449:22:LL_AHB2_GRP1_EnableClock	24	static
../Core/Src/main.c:126:5:main	32	static
../Core/Src/main.c:239:6:SystemClock_Config	112	static
../Core/Src/main.c:284:13:MX_ADC_Init	8	static
../Core/Src/main.c:331:13:MX_RTC_Init	8	static
../Core/Src/main.c:369:13:MX_SUBGHZ_Init	8	static
../Core/Src/main.c:395:13:MX_USART2_UART_Init	8	static
../Core/Src/main.c:443:13:MX_GPIO_Init	32	static
../Core/Src/main.c:486:1:__io_putchar	16	static
../Core/Src/main.c:495:6:LED_on	8	static
../Core/Src/main.c:498:6:LED_off	8	static
../Core/Src/main.c:502:6:SetStandbyXOSC	16	static
../Core/Src/main.c:507:6:SetPacketTypeLora	16	static
../Core/Src/main.c:512:6:SetPacketTypeFSK	16	static
../Core/Src/main.c:517:10:ComputeRfFreq	16	static
../Core/Src/main.c:521:6:SetRfFreq	24	static
../Core/Src/main.c:526:6:SetPaLowPower	16	static
../Core/Src/main.c:532:6:SetPa22dB	16	static
../Core/Src/main.c:538:6:SetTxPower	24	static
../Core/Src/main.c:545:6:SetContinuousWave	16	static
../Core/Src/main.c:550:6:SetTxInfinitePreamble	16	static
../Core/Src/main.c:555:6:SetTx	24	static
../Core/Src/main.c:561:6:SetRx	24	static
../Core/Src/main.c:569:6:SetModulationParamsLora	24	static
../Core/Src/main.c:574:6:SetModulationParamsFSK	48	static
../Core/Src/main.c:581:6:SetPacketParamsLora	32	static
../Core/Src/main.c:597:10:GetIRQStatus	16	static
../Core/Src/main.c:606:6:ClearIRQ	16	static
../Core/Src/main.c:612:6:CfgIRQ	24	static
../Core/Src/main.c:644:6:setupLoRa	24	static
../Core/Src/main.c:673:6:sendPacket	40	static
../Core/Src/main.c:693:19:recievePacket	40	static
../Core/Src/main.c:717:9:sendPacketACK	56	static
../Core/Src/main.c:758:19:recievePacketACK	56	static
../Core/Src/main.c:807:6:printbuffer	24	static
../Core/Src/main.c:820:6:Error_Handler	8	static,ignoring_inline_asm
